time	userip	url	key	price	deal
20110101	16:21:27	www.baidu.com	mp1	1001	101
20110101	16:21:27	www.baidu.com	mp2	1002	102
20110101	16:21:27	www.baidu.com	mp3	1003	103
20110101	16:21:27	www.baidu.com	mp4	1004	104
20110101	16:21:27	www.baidu.com	mp5	1005	105
20110101	16:21:27	www.baidu.com	mp6	1006	106
20110101	16:21:27	www.baidu.com	mp7	1007	107
20110101	16:21:27	www.baidu.com	mp7	1008	108
20110101	16:21:27	www.baidu.com	mp6	1009	109